// Jest Snapshot v1, https://goo.gl/fbAQLP

exports[`LoginScreen Component Testing LoginScreen renders correctly 1`] = `
<View
  style={
    [
      {
        "alignItems": "center",
        "backgroundColor": "#353535",
        "flex": 1,
      },
      {
        "width": 750,
      },
    ]
  }
>
  <View
    style={
      {
        "alignItems": "center",
        "height": 328,
        "marginVertical": 24,
        "width": 750,
      }
    }
  >
    <mocked-file />
  </View>
  <View
    style={
      {
        "alignItems": "center",
        "gap": 12,
        "marginTop": 32,
        "width": 328,
      }
    }
  >
    <Text
      style={
        {
          "color": "#FFFFFF",
          "fontSize": 22,
          "fontWeight": "700",
          "lineHeight": 27.5,
          "textAlign": "center",
        }
      }
    >
      Добро пожаловать в MovieMatch
    </Text>
    <Text
      style={
        {
          "color": "#FFFFFF",
          "fontSize": 16,
          "fontWeight": "400",
          "lineHeight": 21.6,
          "textAlign": "center",
        }
      }
    >
      Сделай подбор фильмов самостоятельно или в компании друзей!
    </Text>
  </View>
  <View
    style={
      {
        "alignItems": "center",
        "gap": 16,
        "marginTop": 32,
        "width": "100%",
      }
    }
  >
    <View
      accessibilityState={
        {
          "busy": undefined,
          "checked": undefined,
          "disabled": undefined,
          "expanded": undefined,
          "selected": undefined,
        }
      }
      accessibilityValue={
        {
          "max": undefined,
          "min": undefined,
          "now": undefined,
          "text": undefined,
        }
      }
      accessible={true}
      collapsable={false}
      focusable={true}
      onClick={[Function]}
      onResponderGrant={[Function]}
      onResponderMove={[Function]}
      onResponderRelease={[Function]}
      onResponderTerminate={[Function]}
      onResponderTerminationRequest={[Function]}
      onStartShouldSetResponder={[Function]}
      style={
        {
          "alignItems": "center",
          "backgroundColor": "#ED0E0E",
          "borderRadius": 5,
          "flexDirection": "row",
          "gap": 10,
          "height": 48,
          "justifyContent": "center",
          "opacity": 1,
          "padding": 10,
          "width": 718,
        }
      }
      testID="myButton"
    >
      <Text
        style={
          {
            "color": "#FFF",
            "fontSize": 18,
            "fontWeight": "500",
          }
        }
      >
        Войти
      </Text>
    </View>
    <View
      accessibilityState={
        {
          "busy": undefined,
          "checked": undefined,
          "disabled": undefined,
          "expanded": undefined,
          "selected": undefined,
        }
      }
      accessibilityValue={
        {
          "max": undefined,
          "min": undefined,
          "now": undefined,
          "text": undefined,
        }
      }
      accessible={true}
      collapsable={false}
      focusable={true}
      onClick={[Function]}
      onResponderGrant={[Function]}
      onResponderMove={[Function]}
      onResponderRelease={[Function]}
      onResponderTerminate={[Function]}
      onResponderTerminationRequest={[Function]}
      onStartShouldSetResponder={[Function]}
      style={
        {
          "alignItems": "center",
          "backgroundColor": "#FFF",
          "borderRadius": 5,
          "flexDirection": "row",
          "gap": 10,
          "height": 48,
          "justifyContent": "flex-start",
          "opacity": 1,
          "padding": 10,
          "width": 718,
        }
      }
      testID="myButton"
    >
      <mocked-file
        height={36}
        width={36}
      />
      <Text
        style={
          {
            "color": "#1D1D1D",
            "fontSize": 18,
            "fontWeight": "500",
            "left": 125,
          }
        }
      >
        Войти с Google
      </Text>
    </View>
    <View
      accessibilityState={
        {
          "busy": undefined,
          "checked": undefined,
          "disabled": undefined,
          "expanded": undefined,
          "selected": undefined,
        }
      }
      accessibilityValue={
        {
          "max": undefined,
          "min": undefined,
          "now": undefined,
          "text": undefined,
        }
      }
      accessible={true}
      collapsable={false}
      focusable={true}
      onClick={[Function]}
      onResponderGrant={[Function]}
      onResponderMove={[Function]}
      onResponderRelease={[Function]}
      onResponderTerminate={[Function]}
      onResponderTerminationRequest={[Function]}
      onStartShouldSetResponder={[Function]}
      style={
        {
          "alignItems": "center",
          "backgroundColor": "#4AB34C",
          "borderRadius": 5,
          "flexDirection": "row",
          "gap": 10,
          "height": 48,
          "justifyContent": "center",
          "opacity": 1,
          "padding": 10,
          "width": 718,
        }
      }
      testID="myButton"
    >
      <Text
        style={
          {
            "color": "#FFF",
            "fontSize": 18,
            "fontWeight": "500",
          }
        }
      >
        Зарегистрироваться
      </Text>
    </View>
  </View>
</View>
`;
